#
# There is insufficient memory for the Java Runtime Environment to continue.
# Native memory allocation (mmap) failed to map 132120576 bytes for G1 virtual space
# Possible reasons:
#   The system is out of physical RAM or swap space
#   The process is running with CompressedOops enabled, and the Java Heap may be blocking the growth of the native heap
# Possible solutions:
#   Reduce memory load on the system
#   Increase physical memory or swap space
#   Check if swap backing store is full
#   Decrease Java heap size (-Xmx/-Xms)
#   Decrease number of Java threads
#   Decrease Java thread stack sizes (-Xss)
#   Set larger code cache with -XX:ReservedCodeCacheSize=
#   JVM is running with Unscaled Compressed Oops mode in which the Java heap is
#     placed in the first 4GB address space. The Java Heap base address is the
#     maximum limit for the native heap growth. Please use -XX:HeapBaseMinAddress
#     to set the Java Heap base and to place the Java Heap above 4GB virtual address.
# This output file may be truncated or incomplete.
#
#  Out of Memory Error (os_windows.cpp:3548), pid=13920, tid=5572
#
# JRE version:  (17.0.12+8) (build )
# Java VM: Java HotSpot(TM) 64-Bit Server VM (17.0.12+8-LTS-286, mixed mode, sharing, tiered, compressed oops, compressed class ptrs, g1 gc, windows-amd64)
# No core dump will be written. Minidumps are not enabled by default on client versions of Windows
#

---------------  S U M M A R Y ------------

Command Line: -Dmaven.home=EMBEDDED -Dclassworlds.conf=D:\FLM JFS\sts workspace microservices\.metadata\.plugins\org.eclipse.m2e.launching\launches\m2conf11540054547089647314.tmp -Dmaven.multiModuleProjectDirectory=C:\Users\vamsh\OneDrive\Desktop\Claim_Connect_Backend\Claim_Connect_Backend\PatientService -Dm2e.build.project.data.socket.port=55632 -Dfile.encoding=UTF-8 -Dstdout.encoding=UTF-8 -Dstderr.encoding=UTF-8 -XX:+ShowCodeDetailsInExceptionMessages org.codehaus.plexus.classworlds.launcher.Launcher -B -Dstyle.color=always clean

Host: Intel(R) Core(TM) i3-1005G1 CPU @ 1.20GHz, 4 cores, 7G,  Windows 11 , 64 bit Build 26100 (10.0.26100.8875)
Time: Thu Jul 16 13:03:39 2026 India Standard Time elapsed time: 0.049918 seconds (0d 0h 0m 0s)

---------------  T H R E A D  ---------------

Current thread (0x000002144456fdc0):  JavaThread "Unknown thread" [_thread_in_vm, id=5572, stack(0x0000004e22100000,0x0000004e22200000)]

Stack: [0x0000004e22100000,0x0000004e22200000]
Native frames: (J=compiled Java code, j=interpreted, Vv=VM code, C=native code)
V  [jvm.dll+0x67a04a]
V  [jvm.dll+0x7da4ed]
V  [jvm.dll+0x7dbe33]
V  [jvm.dll+0x7dc4a3]
V  [jvm.dll+0x24508f]
V  [jvm.dll+0x677089]
V  [jvm.dll+0x66bd32]
V  [jvm.dll+0x301fa6]
V  [jvm.dll+0x309546]
V  [jvm.dll+0x359d2e]
V  [jvm.dll+0x359f5f]
V  [jvm.dll+0x2d9078]
V  [jvm.dll+0x2d9fe4]
V  [jvm.dll+0x7aca21]
V  [jvm.dll+0x367591]
V  [jvm.dll+0x78b999]
V  [jvm.dll+0x3ec83f]
V  [jvm.dll+0x3ee471]
C  [jli.dll+0x5297]
C  [ucrtbase.dll+0x2cd30]
C  [KERNEL32.DLL+0x2e957]
C  [ntdll.dll+0xaad6c]


---------------  P R O C E S S  ---------------

Threads class SMR info:
_java_thread_list=0x00007ff8f8eb7a18, length=0, elements={
}

Java Threads: ( => current thread )

Other Threads:
  0x00000214445ca550 GCTaskThread "GC Thread#0" [stack: 0x0000004e22200000,0x0000004e22300000] [id=8376]
  0x00000214445dac70 ConcurrentGCThread "G1 Main Marker" [stack: 0x0000004e22300000,0x0000004e22400000] [id=4088]
  0x00000214445dc5a0 ConcurrentGCThread "G1 Conc#0" [stack: 0x0000004e22400000,0x0000004e22500000] [id=7648]

[error occurred during error reporting (printing all threads), id 0xc0000005, EXCEPTION_ACCESS_VIOLATION (0xc0000005) at pc=0x00007ff8f86e9b67]

VM state: not at safepoint (not fully initialized)

VM Mutex/Monitor currently owned by a thread:  ([mutex/lock_event])
[0x000002144456bf50] Heap_lock - owner thread: 0x000002144456fdc0

Heap address: 0x0000000083a00000, size: 1990 MB, Compressed Oops mode: 32-bit

CDS archive(s) mapped at: [0x0000000000000000-0x0000000000000000-0x0000000000000000), size 0, SharedBaseAddress: 0x0000000800000000, ArchiveRelocationMode: 1.
Narrow klass base: 0x0000000000000000, Narrow klass shift: 0, Narrow klass range: 0x0

GC Precious Log:
<Empty>

Heap:
 garbage-first heap   total 0K, used 0K [0x0000000083a00000, 0x0000000100000000)
  region size 1024K, 0 young (0K), 0 survivors (0K)

[error occurred during error reporting (printing heap information), id 0xc0000005, EXCEPTION_ACCESS_VIOLATION (0xc0000005) at pc=0x00007ff8f8ad3859]

GC Heap History (0 events):
No events

Deoptimization events (0 events):
No events

Classes unloaded (0 events):
No events

Classes redefined (0 events):
No events

Internal exceptions (0 events):
No events

VM Operations (0 events):
No events

Events (1 events):
Event: 0.036 Loaded shared library C:\Program Files\Java\jdk-17\bin\java.dll


Dynamic libraries:
0x00007ff73a8c0000 - 0x00007ff73a8d0000 	C:\Program Files\Java\jdk-17\bin\javaw.exe
0x00007ff9a84a0000 - 0x00007ff9a8706000 	C:\WINDOWS\SYSTEM32\ntdll.dll
0x00007ff9a66f0000 - 0x00007ff9a67b9000 	C:\WINDOWS\System32\KERNEL32.DLL
0x00007ff9a5ac0000 - 0x00007ff9a5ebe000 	C:\WINDOWS\System32\KERNELBASE.dll
0x00007ff9a5770000 - 0x00007ff9a58bc000 	C:\WINDOWS\System32\ucrtbase.dll
0x00007ff984890000 - 0x00007ff9848a9000 	C:\Program Files\Java\jdk-17\bin\jli.dll
0x00007ff9a6a70000 - 0x00007ff9a6b27000 	C:\WINDOWS\System32\ADVAPI32.dll
0x00007ff9a61d0000 - 0x00007ff9a6279000 	C:\WINDOWS\System32\msvcrt.dll
0x00007ff9a7f20000 - 0x00007ff9a7fca000 	C:\WINDOWS\System32\sechost.dll
0x00007ff9a7680000 - 0x00007ff9a7798000 	C:\WINDOWS\System32\RPCRT4.dll
0x00007ff9a7820000 - 0x00007ff9a79e7000 	C:\WINDOWS\System32\USER32.dll
0x00007ff9a6110000 - 0x00007ff9a6137000 	C:\WINDOWS\System32\win32u.dll
0x00007ff9a73d0000 - 0x00007ff9a73fb000 	C:\WINDOWS\System32\GDI32.dll
0x00007ff9a5990000 - 0x00007ff9a5aba000 	C:\WINDOWS\System32\gdi32full.dll
0x00007ff9a56c0000 - 0x00007ff9a5763000 	C:\WINDOWS\System32\msvcp_win.dll
0x00007ff98d0b0000 - 0x00007ff98d342000 	C:\WINDOWS\WinSxS\amd64_microsoft.windows.common-controls_6595b64144ccf1df_6.0.26100.8875_none_3e0d5d42e32fe9dd\COMCTL32.dll
0x00007ff998f00000 - 0x00007ff998f0b000 	C:\WINDOWS\SYSTEM32\VERSION.dll
0x00007ff984610000 - 0x00007ff98462b000 	C:\Program Files\Java\jdk-17\bin\VCRUNTIME140.dll
0x00007ff9a72d0000 - 0x00007ff9a7302000 	C:\WINDOWS\System32\IMM32.DLL
0x00007ff98bb10000 - 0x00007ff98bb1c000 	C:\Program Files\Java\jdk-17\bin\vcruntime140_1.dll
0x00007ff937a40000 - 0x00007ff937ace000 	C:\Program Files\Java\jdk-17\bin\msvcp140.dll
0x00007ff8f8400000 - 0x00007ff8f8fe0000 	C:\Program Files\Java\jdk-17\bin\server\jvm.dll
0x00007ff9a79f0000 - 0x00007ff9a79f8000 	C:\WINDOWS\System32\PSAPI.DLL
0x00007ff98bae0000 - 0x00007ff98baea000 	C:\WINDOWS\SYSTEM32\WSOCK32.dll
0x00007ff9a6930000 - 0x00007ff9a69b0000 	C:\WINDOWS\System32\WS2_32.dll
0x00007ff98d070000 - 0x00007ff98d0a6000 	C:\WINDOWS\SYSTEM32\WINMM.dll
0x00007ff9a4370000 - 0x00007ff9a438b000 	C:\WINDOWS\SYSTEM32\kernel.appcore.dll
0x00007ff98baa0000 - 0x00007ff98baaa000 	C:\Program Files\Java\jdk-17\bin\jimage.dll
0x00007ff9a2b70000 - 0x00007ff9a2db2000 	C:\WINDOWS\SYSTEM32\DBGHELP.DLL
0x00007ff9a7b90000 - 0x00007ff9a7f13000 	C:\WINDOWS\System32\combase.dll
0x00007ff9a75a0000 - 0x00007ff9a7679000 	C:\WINDOWS\System32\OLEAUT32.dll
0x00007ff98b150000 - 0x00007ff98b18b000 	C:\WINDOWS\SYSTEM32\dbgcore.DLL
0x00007ff9a58d0000 - 0x00007ff9a597c000 	C:\WINDOWS\System32\bcryptPrimitives.dll
0x00007ff97b8f0000 - 0x00007ff97b915000 	C:\Program Files\Java\jdk-17\bin\java.dll

dbghelp: loaded successfully - version: 4.0.5 - missing functions: none
symbol engine: initialized successfully - sym options: 0x614 - pdb path: .;C:\Program Files\Java\jdk-17\bin;C:\WINDOWS\SYSTEM32;C:\WINDOWS\WinSxS\amd64_microsoft.windows.common-controls_6595b64144ccf1df_6.0.26100.8875_none_3e0d5d42e32fe9dd;C:\Program Files\Java\jdk-17\bin\server

VM Arguments:
jvm_args: -Dmaven.home=EMBEDDED -Dclassworlds.conf=D:\FLM JFS\sts workspace microservices\.metadata\.plugins\org.eclipse.m2e.launching\launches\m2conf11540054547089647314.tmp -Dmaven.multiModuleProjectDirectory=C:\Users\vamsh\OneDrive\Desktop\Claim_Connect_Backend\Claim_Connect_Backend\PatientService -Dm2e.build.project.data.socket.port=55632 -Dfile.encoding=UTF-8 -Dstdout.encoding=UTF-8 -Dstderr.encoding=UTF-8 -XX:+ShowCodeDetailsInExceptionMessages 
java_command: org.codehaus.plexus.classworlds.launcher.Launcher -B -Dstyle.color=always clean
java_class_path (initial): D:\FLM JFS\sts-4.27.0.RELEASE\plugins\org.eclipse.m2e.maven.runtime_3.9.900.20240824-1409\jars\plexus-classworlds-2.8.0.jar
Launcher Type: SUN_STANDARD

[Global flags]
     intx CICompilerCount                          = 3                                         {product} {ergonomic}
     uint ConcGCThreads                            = 1                                         {product} {ergonomic}
     uint G1ConcRefinementThreads                  = 4                                         {product} {ergonomic}
   size_t G1HeapRegionSize                         = 1048576                                   {product} {ergonomic}
    uintx GCDrainStackTargetSize                   = 64                                        {product} {ergonomic}
   size_t InitialHeapSize                          = 132120576                                 {product} {ergonomic}
   size_t MarkStackSize                            = 4194304                                   {product} {ergonomic}
   size_t MaxHeapSize                              = 2086666240                                {product} {ergonomic}
   size_t MinHeapDeltaBytes                        = 1048576                                   {product} {ergonomic}
   size_t MinHeapSize                              = 8388608                                   {product} {ergonomic}
    uintx NonNMethodCodeHeapSize                   = 5832780                                {pd product} {ergonomic}
    uintx NonProfiledCodeHeapSize                  = 122912730                              {pd product} {ergonomic}
    uintx ProfiledCodeHeapSize                     = 122912730                              {pd product} {ergonomic}
    uintx ReservedCodeCacheSize                    = 251658240                              {pd product} {ergonomic}
     bool SegmentedCodeCache                       = true                                      {product} {ergonomic}
     bool ShowCodeDetailsInExceptionMessages       = true                                   {manageable} {command line}
   size_t SoftMaxHeapSize                          = 2086666240                             {manageable} {ergonomic}
     bool UseCompressedClassPointers               = true                           {product lp64_product} {ergonomic}
     bool UseCompressedOops                        = true                           {product lp64_product} {ergonomic}
     bool UseG1GC                                  = true                                      {product} {ergonomic}
     bool UseLargePagesIndividualAllocation        = false                                  {pd product} {ergonomic}

Logging:
Log output configuration:
 #0: stdout all=warning uptime,level,tags
 #1: stderr all=off uptime,level,tags

Environment Variables:
JAVA_HOME=C:\Program Files\Java\jdk-17
PATH=D:/FLM JFS/sts-4.27.0.RELEASE//plugins/org.eclipse.justj.openjdk.hotspot.jre.full.win32.x86_64_21.0.5.v20241023-1957/jre/bin/server;D:/FLM JFS/sts-4.27.0.RELEASE//plugins/org.eclipse.justj.openjdk.hotspot.jre.full.win32.x86_64_21.0.5.v20241023-1957/jre/bin;C:\Program Files\Common Files\Oracle\Java\javapath;C:\Program Files (x86)\VMware\VMware Player\bin\;C:\Program Files\Java\jdk-17.0.4.1\bin;C:\WINDOWS\system32;C:\WINDOWS;C:\WINDOWS\System32\Wbem;C:\WINDOWS\System32\WindowsPowerShell\v1.0\;C:\WINDOWS\System32\OpenSSH\;C:\Program Files\MySQL\MySQL Server 8.0\bin;C:\Program Files\dotnet\;C:\Program Files\Java\javafx-sdk-21.0.2\lib;D:\FLM JFS\;C:\Program Files\Git\cmd;C:\Program Files\Docker\Docker\resources\bin;C:\Program Files\MySQL\MySQL Shell 8.0\bin\;C:\Users\vamsh\AppData\Local\Programs\Python\Python312\Scripts\;C:\Users\vamsh\AppData\Local\Programs\Python\Python312\;C:\Users\vamsh\AppData\Local\Microsoft\WindowsApps;D:\FLM JFS\Microsoft VS Code\bin;C:\Users\vamsh\AppData\Roaming\npm;D:\FLM JFS\sts-4.27.0.RELEASE;
USERNAME=vamsh
OS=Windows_NT
PROCESSOR_IDENTIFIER=Intel64 Family 6 Model 126 Stepping 5, GenuineIntel



---------------  S Y S T E M  ---------------

OS:
 Windows 11 , 64 bit Build 26100 (10.0.26100.8875)
OS uptime: 0 days 1:06 hours
Hyper-V role detected

CPU: total 4 (initial active 4) (2 cores per cpu, 2 threads per core) family 6 model 126 stepping 5 microcode 0xcc, cx8, cmov, fxsr, ht, mmx, 3dnowpref, sse, sse2, sse3, ssse3, sse4.1, sse4.2, popcnt, lzcnt, tsc, tscinvbit, avx, avx2, aes, erms, clmul, bmi1, bmi2, adx, avx512f, avx512dq, avx512cd, avx512bw, avx512vl, sha, fma, vzeroupper, avx512_vpopcntdq, avx512_vpclmulqdq, avx512_vaes, avx512_vnni, clflush, clflushopt, avx512_vbmi2, avx512_vbmi, hv

Memory: 4k page, system-wide physical 7955M (287M free)
TotalPageFile size 14208M (AvailPageFile size 104M)
current process WorkingSet (physical memory assigned to process): 12M, peak: 12M
current process commit charge ("private bytes"): 52M, peak: 177M

vm_info: Java HotSpot(TM) 64-Bit Server VM (17.0.12+8-LTS-286) for windows-amd64 JRE (17.0.12+8-LTS-286), built on Jun  5 2024 06:46:59 by "mach5one" with MS VC++ 17.6 (VS2022)

END.
